-- MySQL dump 10.13  Distrib 5.6.26, for Win64 (x86_64)
--
-- Host: localhost    Database: hpdb
-- ------------------------------------------------------
-- Server version	5.6.26-log

/*!40101 SET @OLD_CHARACTER_SET_CLIENT=@@CHARACTER_SET_CLIENT */;
/*!40101 SET @OLD_CHARACTER_SET_RESULTS=@@CHARACTER_SET_RESULTS */;
/*!40101 SET @OLD_COLLATION_CONNECTION=@@COLLATION_CONNECTION */;
/*!40101 SET NAMES utf8 */;
/*!40103 SET @OLD_TIME_ZONE=@@TIME_ZONE */;
/*!40103 SET TIME_ZONE='+00:00' */;
/*!40014 SET @OLD_UNIQUE_CHECKS=@@UNIQUE_CHECKS, UNIQUE_CHECKS=0 */;
/*!40014 SET @OLD_FOREIGN_KEY_CHECKS=@@FOREIGN_KEY_CHECKS, FOREIGN_KEY_CHECKS=0 */;
/*!40101 SET @OLD_SQL_MODE=@@SQL_MODE, SQL_MODE='NO_AUTO_VALUE_ON_ZERO' */;
/*!40111 SET @OLD_SQL_NOTES=@@SQL_NOTES, SQL_NOTES=0 */;

--
-- Table structure for table `cubicles`
--

DROP TABLE IF EXISTS `cubicles`;
/*!40101 SET @saved_cs_client     = @@character_set_client */;
/*!40101 SET character_set_client = utf8 */;
CREATE TABLE `cubicles` (
  `id` int(10) unsigned NOT NULL AUTO_INCREMENT,
  `tag` varchar(30) NOT NULL,
  `name` varchar(5) NOT NULL,
  `station` varchar(3) DEFAULT NULL,
  `description` varchar(250) DEFAULT NULL,
  PRIMARY KEY (`id`),
  UNIQUE KEY `tag_UNIQUE` (`tag`)
) ENGINE=InnoDB AUTO_INCREMENT=176 DEFAULT CHARSET=utf8;
/*!40101 SET character_set_client = @saved_cs_client */;

--
-- Dumping data for table `cubicles`
--

LOCK TABLES `cubicles` WRITE;
/*!40000 ALTER TABLE `cubicles` DISABLE KEYS */;
INSERT INTO `cubicles` VALUES (1,'S2-1098','S2','S',NULL),(2,'S1-1097','S1','S',NULL),(3,'R1-1089','R1','R',NULL),(4,'R2-1-1090','R2','R',NULL),(5,'R3-1092','R3','R',NULL),(6,'R4-2-1094','R4','R',NULL),(7,'R5-1-1095','R5','R',NULL),(8,'A1-1000','A1','A',''),(9,'A2-1001','A2','A',''),(10,'A3-1002','A3','A',''),(11,'B1-1003','B1','B',''),(12,'B2-1004','B2','B',''),(13,'B3-1005','B3','B',''),(14,'C1-1006','C1','C',''),(15,'C2-1007','C2','C',''),(16,'C3-1008','C3','C',''),(17,'D1-1009','D1','D',''),(18,'D2 -1010','D2','D',''),(19,'D3-1011','D3','D',''),(20,'E1-1012','E1','E',''),(21,'E2-1013','E2','E',''),(22,'E3-1014','E3','E',''),(23,'F1-1015','F1','F',''),(24,'F2-1016','F2','F',''),(25,'F3-1017','F3','F',''),(26,'F4-1018','F4','F',''),(27,'F5-1019','F5','F',''),(28,'F6-1020','F6','F',''),(29,'G1-1021','G1','G',''),(30,'G2-1022','G2','G',''),(31,'G3-1023','G3','G',''),(32,'G4-1024','G4','G',''),(33,'G5-1025','G5','G',''),(34,'G6-1026','G6','G',''),(35,'H1-1027','H1','H',''),(36,'H2-1028','H2','H',''),(37,'H3-1029','H3','H',''),(38,'H4-1030','H4','H',''),(39,'H5-1031','H5','H',''),(40,'H6-1032','H6','H',''),(41,'I1-1033','I1','I',''),(42,'I2-1034','I2','I',''),(43,'I3-1035','I3','I',''),(44,'I4-1036','I4','I',''),(45,'I5-1037','I5','I',''),(46,'I6-1038','I6','I',''),(47,'J1-1039','J1','J',''),(48,'J2-1040','J2','J',''),(49,'J3-1041','J3','J','HP Scanner desk'),(50,'J4-1042','J4','J',''),(51,'J5-1043','J5','J',''),(52,'J6-1044','J6','J',''),(53,'K1-1045','K1','K',''),(54,'K2-1046','K2','K',''),(55,'K3-1047','K3','K',''),(56,'K4-1048','K4','K',''),(57,'K5-1049','K5','K',''),(58,'K6-1050','K6','K',''),(59,'L1-1051','L1','L',''),(60,'L2-1052','L2','L',''),(61,'L3-1053','L3','L',''),(62,'L4-1054','L4','L',''),(63,'L5-1055','L5','L',''),(64,'L6-1056','L6','L',''),(65,'M1-1057','M1','M',''),(66,'M2-1058','M2','M',''),(67,'M3-1059','M3','M',''),(68,'M4-1060','M4','M',''),(69,'M5-1061','M5','M',''),(70,'N1-1062','N1','N',''),(71,'N2-1063','N2','N',''),(72,'N3-1064','N3','N',''),(73,'N4-1065','N4','N',''),(74,'N5-1066','N5','N',''),(75,'O1-1067','O1','O',''),(76,'O2-1068','O2','O',''),(77,'O3-1069','O3','O',''),(78,'O4-1070','O4','O',''),(79,'O5-1071','O5','O',''),(80,'P1-1072','P1','P',''),(81,'P2-1073','P2','P',''),(82,'P3-1074','P3','P',''),(83,'P4-1075','P4','P',''),(84,'P5-1076','P5','P',''),(85,'Q1-1083','Q1','Q',''),(86,'Q2-1-1084','Q2','Q',''),(87,'Q3-1086','Q3','Q',''),(88,'Q4-1087','Q4','Q',''),(89,'Q5-1088','Q5','Q',''),(97,'S3-1099','S3','S',''),(98,'S4-1100','S4','S',''),(99,'S5-1101','S5','S',''),(100,'T1-1102','T1','T',''),(101,'T2-1103','T2','T',''),(102,'T3-1104','T3','T',''),(103,'T4-1105','T4','T',''),(104,'T5-1106','T5','T',''),(105,'0','0','0','Hannah\'s Desk'),(106,'U1-1109','U1','U',''),(107,'U2-1110','U2','U',''),(108,'U3-1111','U3','U',''),(109,'V1-1112','V1','V',''),(110,'V2-1113','V2','V',''),(111,'V3-1114','V3','V',''),(112,'V4-1115','V4','V',''),(113,'V5-1116','V5','V',''),(115,'W1-1117','W1','W',''),(116,'W2-1118','W2','W',''),(117,'W3-1119','W3','W',''),(118,'POD 1-1077','PO','P',''),(119,'POD 2-1078','PO','P',''),(120,'POD 3-1079','PO','P',''),(121,'POD 4-1080','PO','P',''),(122,'POD 5-1081','PO','P',''),(123,'POD 6-1082','PO','P',''),(133,'Q2-2-1085','Q2','Q',NULL),(134,'R2-2-1091','R2','R',NULL),(135,'R4-1-1093','R4','R',NULL),(136,'R5-2-1096','R5','R',NULL),(137,'Training 1-1107','TR','1',NULL),(138,'Training 2-1108','TR','1',NULL),(139,'PSGREMOTE-33','RM','2',NULL),(140,'PSGLAP-1','PSG','3',NULL),(141,'PSGLAP-2','PSG','3',NULL),(142,'PSGLAP-3','PSG','3',NULL),(143,'PSGLAP-4','PSG','3',NULL),(144,'PSGLAP-5','PSG','3',NULL),(145,'PSGLAP-6','PSG','3',NULL),(146,'PSGLAP-7','PSG','3',NULL),(147,'PSGLAP-8','PSG','3',NULL),(148,'PSGLAP-9','PSG','3',NULL),(149,'PSGLAP-10','PSG','3',NULL),(150,'PSGLAP-11','PSG','3',NULL),(151,'PSGLAP-12','PSG','3',NULL),(152,'PSGLAP-13','PSG','3',NULL),(153,'PSGLAP-14','PSG','3',NULL),(154,'PSGLAP-15','PSG','3',NULL),(155,'PSGLAP-16','PSG','3',NULL),(156,'PSGLAP-17','PSG','3',NULL),(157,'PSGLAP-18','PSG','3',NULL),(158,'PSGLAP-19','PSG','3',NULL),(159,'PSGLAP-20','PSG','3',NULL),(160,'PSGDOC-21','PSG','4',NULL),(161,'PSGDOC-22','PSG','4',NULL),(162,'PSGDOC-23','PSG','4',NULL),(163,'PSGDOC-24','PSG','4',NULL),(164,'PSGDOC-25','PSG','4',NULL),(165,'PSGDOC-26','PSG','4',NULL),(166,'PSGDOC-27','PSG','4',NULL),(167,'PSGDOC-28','PSG','4',NULL),(168,'PSGPH-29','PH','5',NULL),(169,'PSGPH-30','PH','5',NULL),(171,'PSGPH-31','PH','5',NULL),(172,'PSGPH-32','PH','5',NULL),(173,'Front Desk','FD','6',NULL),(174,'Mtg Room','MTG','7',NULL),(175,'NA','NA','NA','Ambiguous');
/*!40000 ALTER TABLE `cubicles` ENABLE KEYS */;
UNLOCK TABLES;

--
-- Table structure for table `employee`
--

DROP TABLE IF EXISTS `employee`;
/*!40101 SET @saved_cs_client     = @@character_set_client */;
/*!40101 SET character_set_client = utf8 */;
CREATE TABLE `employee` (
  `id` int(10) unsigned NOT NULL AUTO_INCREMENT,
  `first_name` varchar(30) NOT NULL,
  `middle_name` varchar(30) DEFAULT NULL,
  `last_name` varchar(30) NOT NULL,
  `email` varchar(30) NOT NULL,
  `gender` enum('M','F') NOT NULL,
  `project` int(10) unsigned NOT NULL DEFAULT '9',
  `locations` int(10) unsigned NOT NULL,
  PRIMARY KEY (`id`),
  KEY `project_idx` (`project`),
  KEY `locations_idx` (`locations`)
) ENGINE=InnoDB AUTO_INCREMENT=57 DEFAULT CHARSET=utf8;
/*!40101 SET character_set_client = @saved_cs_client */;

--
-- Dumping data for table `employee`
--

LOCK TABLES `employee` WRITE;
/*!40000 ALTER TABLE `employee` DISABLE KEYS */;
INSERT INTO `employee` VALUES (1,'Mercedes','','McReynolds','mcreynolds@hp.com','F',9,108),(2,'Robert','','Whitehorn','robert.whitehorn@hp.com  ','M',9,9),(3,'Justin','','Gaddy','justin.gaddy@hp.com ','M',9,44),(4,'Karen','','Perez','karenp@hp.com ','M',9,175),(5,'Diana','','Socarro','diana.socarro@hp.com  ','F',3,66),(6,'Zack','','Dzwonkiewicz','dzwonkiewicz@hp.com ','M',3,74),(7,'Marcus','','Hill','marcus.hill2@hp.com ','M',3,6),(8,'Michelle','','Campbell','le.campbell2@hp.com  ','F',1,80),(9,'Laurie','','Booth','laurie.booth@hp.com','F',1,81),(10,'Tonya','','Cruse','tonya.cruse@hp.com  ','F',1,82),(11,'Trenton','','Tisdale','trenton.tisdale@hp.com','M',1,84),(12,'Jack','','Baker','jack.baker@hp.com','M',1,117),(13,'Timothy','','Stow','timothy.stow@hp.com ','M',1,75),(14,'Michael','','Saiz','michael.saiz@hp.com  ','M',9,135),(15,'Vitaly','Valerievich','Borodin','vitaly.borodin@hp.com','M',2,1),(16,'Nathan','','Brown','nathan.brown2@hp.com ','M',6,78),(17,'Ben','','Nelson','benjamin.nelson@hp.com  ','M',6,53),(18,'Tomas','','Smallwood','tomas.smallwood@hp.com ','M',6,57),(19,'Nick','','Winnie','nick.winnie@hp.com  ','M',6,56),(20,'Marshall','','Magee','marshall.magee@hp.com  ','M',6,87),(21,'Mary','','Brown','mary.brown6@hp.com','F',8,175),(22,'Stephen','','Hicks','shicks@hp.com ','M',8,175),(23,'Teresa','','Whitney','teresa.whitney@hp.com  ','F',8,69),(24,'Dakota','','Robinson','dakota.robinson@hp.com  ','F',8,175),(25,'Larry','','Passmore','larry.passmore@hp.com  ','M',9,70),(26,'Sherman','V','Bui','sherman.v.bui@hp.com  ','M',9,2),(27,'Arn','','Heese','arn.heese@hp.com  ','M',9,115),(28,'Cole','','Holliday','cole.wya.holliday@hp.com ','M',10,13),(29,'Cierra','','Law','cierra.law@hp.com  ','F',10,12),(30,'Viktor','','Lugo','vlugo@hp.com  ','M',10,16),(31,'Jadon','','Howard','jadon.howard@hp.com  ','M',10,68),(32,'Michael','','Stout','michael.stout@hp.com  ','F',11,85),(33,'Charles','','Brownell','charles.brownell@hp.com  ','M',11,3),(34,'Ed','','Rugg','edward.c.rugg@hp.com ','M',11,5),(35,'Drew','','Waldren','drew.waldren@hp.com  ','M',11,4),(36,'Crystal','','Caynor','crystal.caynor@hp.com  ','F',11,86),(37,'Martin','','Webb','martin.webb@hp.com  ','M',11,175),(38,'David','','Marchand','david.march@hp.com  ','M',11,88),(39,'Brian','','Jones','brian.jones2@hp.com ','M',11,175),(40,'OPEN','OPEN','OPEN','------------','M',9,175),(41,'Kelly','','Crenshaw','kelly.crenshaw@hp.com','M',9,10),(42,'Jesse','W','Parker','jesse.w.parker@hp.com','M',9,21),(43,'Bruce','','Denney','bruce.denney@hp.com','M',9,22),(44,'Stephen','J','Marvin','stephen.j.marvin@hp.com','M',9,118),(45,'Tim','','Ehlert','tim.ehlert@hp.com','M',9,175),(46,'Dane','','Gerhardt','dane.gerhardt@hp.com','M',9,13),(47,'Trevor','','Ward','trevor.ward@hp.com','M',9,101),(48,'Brenda','Kar','Grajeda','brenda.kar.grajeda@hp.com','F',9,102),(49,'Nasia','','Lor','nasia.lor@hp.com','F',9,107),(50,'Chris','','Southworth','chris.southworth@hp.com','M',9,111),(51,'Zachary','D','Unruh','zachary.d.unruh@hp.com','M',9,112),(52,'Phil','','Parker','philip.parker@hp.com','M',9,116),(53,'Jenea','Law','Baker','jenea.b.law@hp.com','F',9,117),(54,'PSG Inventory','','','--------------------','M',9,175),(56,'Test',' Test','Test',' Tets@test.test','M',9,9);
/*!40000 ALTER TABLE `employee` ENABLE KEYS */;
UNLOCK TABLES;

--
-- Table structure for table `equipment`
--

DROP TABLE IF EXISTS `equipment`;
/*!40101 SET @saved_cs_client     = @@character_set_client */;
/*!40101 SET character_set_client = utf8 */;
CREATE TABLE `equipment` (
  `equipment_id` int(10) unsigned NOT NULL AUTO_INCREMENT,
  `equipment_name` varchar(30) NOT NULL,
  `discriptions` varchar(250) DEFAULT NULL,
  PRIMARY KEY (`equipment_id`)
) ENGINE=InnoDB AUTO_INCREMENT=12 DEFAULT CHARSET=utf8;
/*!40101 SET character_set_client = @saved_cs_client */;

--
-- Dumping data for table `equipment`
--

LOCK TABLES `equipment` WRITE;
/*!40000 ALTER TABLE `equipment` DISABLE KEYS */;
INSERT INTO `equipment` VALUES (1,'Thin Client',NULL),(2,'Chair',NULL),(3,'Filing Cabinet',NULL),(4,'Desk',NULL),(5,'Keyboard',NULL),(6,'Mouse',NULL),(7,'Headset',NULL),(8,'Laptop',NULL),(9,'Docking Station',NULL),(10,'Monitor',NULL),(11,'Phone',NULL);
/*!40000 ALTER TABLE `equipment` ENABLE KEYS */;
UNLOCK TABLES;

--
-- Table structure for table `inventory`
--

DROP TABLE IF EXISTS `inventory`;
/*!40101 SET @saved_cs_client     = @@character_set_client */;
/*!40101 SET character_set_client = utf8 */;
CREATE TABLE `inventory` (
  `inventory_id` int(10) unsigned NOT NULL AUTO_INCREMENT,
  `tag` varchar(30) DEFAULT NULL,
  `equipment` int(10) unsigned DEFAULT NULL,
  `employee` int(10) unsigned DEFAULT NULL,
  `cubicle` int(10) unsigned DEFAULT NULL,
  PRIMARY KEY (`inventory_id`),
  UNIQUE KEY `tag_UNIQUE` (`tag`),
  KEY `equipment_idx` (`equipment`),
  KEY `employee_idx` (`employee`),
  KEY `cubicle_idx` (`cubicle`),
  CONSTRAINT `cubicle` FOREIGN KEY (`cubicle`) REFERENCES `cubicles` (`id`) ON DELETE NO ACTION ON UPDATE NO ACTION,
  CONSTRAINT `employee` FOREIGN KEY (`employee`) REFERENCES `employee` (`id`) ON DELETE NO ACTION ON UPDATE NO ACTION,
  CONSTRAINT `equipment` FOREIGN KEY (`equipment`) REFERENCES `equipment` (`equipment_id`) ON DELETE NO ACTION ON UPDATE NO ACTION
) ENGINE=InnoDB AUTO_INCREMENT=502 DEFAULT CHARSET=utf8;
/*!40101 SET character_set_client = @saved_cs_client */;

--
-- Dumping data for table `inventory`
--

LOCK TABLES `inventory` WRITE;
/*!40000 ALTER TABLE `inventory` DISABLE KEYS */;
INSERT INTO `inventory` VALUES (1,'CNU2331G46',8,2,9),(2,'CNU2171W03',8,28,13),(3,'CNU24198FP',8,17,53),(4,'CNU147124N',8,25,70),(5,'CNU2171WHV',8,6,74),(6,'CNU25290JJ',8,8,80),(7,'CNU3209Q1M',8,32,85),(8,'CNU241BPKD',8,20,87),(9,'CNU211212N',8,38,88),(10,'CNU344C4KD',8,33,3),(11,'CNU2331F0K',8,35,4),(13,'CNU2330YTH',8,34,5),(14,'CNU329BPJ1',8,26,2),(15,'CNU25291XD',8,15,1),(16,'CNU2031X36',8,40,97),(17,'CNU0264L9W',8,46,98),(18,'CNU317CF1W',8,40,99),(19,'CNU2132P7W',8,40,106),(20,'CNU330BNRS',8,49,107),(21,'CNU406BDGS',8,1,108),(22,'CNU2230KZN',8,40,110),(23,'CNU2332TFQ',8,27,115),(24,'CNU319CPL8',8,52,116),(25,'CNU320904Y ',8,53,117),(26,'CNU12519ZW',8,40,139),(27,'CND0320J9T',8,54,140),(28,'CNU22331LW',8,54,141),(29,'CNU2171RSJ',8,54,142),(30,'CNU1384TW2',8,54,143),(31,'CNU2123F2P',8,54,144),(32,'CNU2449ZT0',8,54,145),(33,'CNU2151LW6',8,54,146),(35,'C3Q91UC#ABA',8,54,148),(36,'CNU252902H',8,54,149),(37,'CNU02944MV',8,54,150),(38,'CNU2132S51',8,54,151),(40,'CNU241BJ7B',8,54,153),(41,'2CE3350XX4',8,54,154),(42,'2CE307166B',8,54,155),(43,'CNU0350HF7',8,54,156),(44,'CNU2150QV5',8,54,157),(45,'PB2RD9M',8,54,158),(46,'CNU2022XZC',8,54,159),(47,'CNU215Z44W',9,2,9),(48,'CNU410Z2FN',9,17,53),(49,'CNU215Z20L',9,25,70),(50,'MXL4101JSH',9,6,74),(51,'CNU049Z4JW',9,8,80),(52,'CNU249XK4R',9,40,121),(53,'CNU346XCY1',9,32,85),(54,'CNU412XFHJ',9,20,87),(55,'CNU150XGJ7',9,38,88),(56,'CNU409X6XS',9,33,3),(57,'CNU322Z1DF',9,35,4),(59,'CNU419XPXH',9,34,5),(60,'CNU402ZY5K',9,26,2),(61,'CNU125XV45',9,15,1),(62,'CNU227Z0MW',9,40,97),(63,'CNU245WH3Y',9,46,98),(64,'CNU3472MHH',9,40,99),(65,'5CG425Z03W',9,40,106),(66,'CNU436206C',9,49,107),(67,'CNU435W0GW',9,1,108),(68,'CNU249XK05',9,27,115),(69,'CNU347XZ4R',9,52,116),(70,'CNU249XJY0',9,54,160),(71,'CNU215Z44S',9,54,161),(72,'CNU848Z15K',9,54,162),(73,'CNU417X4YJ',9,54,163),(74,'CNU322Z1CC',9,54,164),(75,'5CG433ZWY4',9,54,165),(76,'CNU227Z0NW',9,54,166),(77,'5CG429ZC2C',9,54,167),(78,'BAUHP0MLU0WDOI',5,40,8),(79,'BAUHP0MLU0WDUP',5,2,9),(80,'BAUHP0MCP2D3PV',5,41,10),(81,'BAUHP0MLU0WDV6',5,40,11),(82,'BAUHP0MLU0WDMJ',5,29,12),(83,'BAUHP0MLU0WDOW',5,28,13),(84,'BAUHP0MLU0WDSK',5,30,16),(85,'BAUHP0MLU0WCNH',5,40,17),(86,'BAUHP0MCP0X4MV',5,40,18),(87,'BAUHP0MLU0WDUS',5,40,19),(88,'BAUHP0MLU0WDTJ',5,42,21),(89,'BAUHP0MLU0W6UD',5,40,26),(90,'BAUHP0MCP1X9YW',5,40,32),(91,'BAUHP0MCP1X8S7',5,40,35),(92,'BAUHP0MVB1B75H',5,40,36),(93,'BAUHP0MLU0WE88',5,40,37),(94,'BAUHP0MCP0WKOK',5,40,38),(95,'BAUHP0MLU0WBIX',5,40,39),(96,'BAUHP0MCP1X7PA',5,40,40),(97,'BAUHP0MLU0WDYL',5,40,41),(98,'AJ05564102',5,40,42),(99,'BAUHP0MLU0WDSJ',5,40,43),(100,'BAUHP0MCP0WKJS',5,3,44),(101,'BAUHP0MCP1X9YZ',5,40,45),(102,'BAUHP0MCP0YDKT',5,40,46),(103,'BAUHP0MLU0WDTN',5,40,50),(104,'BAUHP0MLU0WDOP',5,40,51),(105,'AJ05563934',5,17,53),(106,'BDAGP0N5Y5FT83',5,40,54),(107,'BAUHP0MLU0WDTX',5,40,55),(108,'BAUHP0MLU0WDSN',5,19,56),(109,'BAUHP0MLU0WDTH',5,18,57),(110,'BAUHP0MVB1E3YJ',5,40,58),(111,'AJ05563921',5,40,59),(112,'AJ05564073',5,5,66),(113,'AJ05564075',5,5,66),(114,'AJ05564072',5,40,67),(115,'AJ05564077',5,31,68),(116,'AJ05564076',5,23,69),(117,'AJ05564080',5,25,70),(118,'AJ05564079',5,40,71),(119,'AJ05564078',5,40,72),(120,'AJ05564081',5,40,73),(121,'AJ05564082',5,6,74),(122,'AJ05564084',5,6,74),(124,'AJ05564085',5,40,77),(125,'AJ05564088',5,21,78),(126,'AJ05564090',5,8,80),(127,'AJ05564087',5,9,81),(128,'AJ05564086',5,10,82),(129,'AJ05564092',5,12,83),(130,'AJ05564091',5,11,84),(131,'BAUHP0MCP0YEEX',5,40,121),(132,'BAUHP0MCP0YEEV',5,40,123),(133,'AJ05564094',5,36,86),(135,'AJ05564093',5,20,87),(136,'AJ05564097',5,38,88),(137,'AJ05564096',5,40,89),(138,'AJ05564070',5,33,3),(139,'AJ05564098',5,35,4),(141,'AJ05564071',5,34,5),(142,'AJ05564067',5,14,135),(143,'AJ05564069',5,14,135),(145,'AJ05564068',5,7,6),(148,'AJ05564065',5,26,2),(149,'AJ05560242',5,40,104),(150,'BAUHP0MLU0WBGL',5,40,137),(151,'BAUHP0IVBZLLKB',5,40,106),(152,'BAUHP0MLU0WBIB',5,49,107),(153,'BAUHP0MCP1X9YH',5,40,109),(154,'AJ05559681',4,44,118),(155,'AJ05559721',4,40,121),(156,'AJ05559722',4,40,122),(157,'AJ05559700',4,40,123),(158,'AJ05560014',4,40,8),(159,'AJ05559991',4,2,9),(160,'AJ05560026',4,41,10),(161,'AJ05560033',4,40,11),(162,'AJ05560057',4,29,12),(163,'AJ05560045',4,28,13),(164,'AJ05560050',4,40,14),(165,'AJ05560038',4,40,15),(166,'AJ05560073',4,30,16),(167,'AJ05560078',4,40,17),(168,'AJ05560066',4,40,18),(169,'AJ05560054',4,40,19),(170,'AJ05560119',4,42,21),(171,'AJ05560107',4,43,22),(172,'AJ05559886',4,40,26),(173,'AJ05559954',4,40,32),(174,'AJ05559973',4,40,35),(175,'AJ05559961',4,40,36),(176,'AJ05559949',4,40,37),(177,'AJ05559937',4,40,38),(178,'AJ05559950',4,40,39),(179,'AJ05559938',4,40,40),(180,'AJ05559868',4,40,41),(181,'AJ05559880',4,40,42),(182,'AJ05559845',4,40,43),(183,'AJ05559857',4,3,44),(184,'AJ05559844',4,40,45),(185,'AJ05559856',4,40,46),(186,'AJ05559833',4,40,47),(187,'AJ05559798',4,40,48),(188,'AJ05559810',4,40,49),(189,'AJ05559797',4,40,50),(190,'AJ05559809',4,40,51),(191,'AJ05563922',4,17,53),(192,'AJ05563935',4,17,53),(193,'AJ05559788',4,40,54),(194,'AJ05559753',4,40,55),(195,'AJ05559787',4,19,56),(196,'AJ05559752',4,18,57),(197,'AJ05559764',4,40,58),(198,'AJ05559771',4,40,59),(199,'AJ05559714',4,40,60),(200,'AJ05563945',4,40,61),(201,'AJ05559706',4,40,62),(202,'AJ05559731',4,40,63),(203,'AJ05559743',4,40,64),(204,'AJ05559435',4,5,66),(205,'AJ05559434',4,40,67),(206,'AJ05559438',4,31,68),(207,'AJ05559437',4,23,69),(208,'AJ05559484',4,25,70),(209,'AJ05559496',4,40,71),(210,'AJ05559461',4,40,72),(211,'AJ05559460',4,40,73),(212,'AJ05559472',4,6,74),(213,'AJ05559529',4,13,75),(214,'AJ05559541',4,40,76),(215,'AJ05559506',4,40,77),(216,'AJ05559505',4,21,78),(217,'AJ05559525',4,8,80),(218,'AJ05559554',4,9,81),(219,'AJ05559566',4,10,82),(220,'AJ05559577',4,12,83),(221,'AJ05559589',4,11,84),(222,'AJ05559669',4,44,118),(223,'AJ05559709',4,40,121),(224,'AJ05559710',4,40,122),(225,'AJ05559735',4,40,123),(226,'AJ05559604',4,32,85),(227,'AJ05559616',4,36,86),(229,'AJ05559628',4,20,87),(230,'AJ05559627',4,38,88),(231,'AJ05559639',4,40,89),(232,'AJ05559648',4,33,3),(233,'AJ05559612',4,35,4),(235,'AJ05559649',4,34,5),(236,'AJ05559624',4,14,135),(238,'AJ05559636',4,40,7),(240,'AJ05559650',4,26,2),(241,'AJ05559685',4,15,1),(242,'AJ05559673',4,40,97),(243,'AJ05559661',4,46,98),(244,'AJ05559662',4,40,99),(245,'AJ05560290',4,40,104),(246,'AJ05560112',4,40,137),(247,'AJ05560111',4,40,138),(248,'AJ05560238',4,40,106),(249,'AJ05560250',4,49,107),(250,'AJ05560226',4,1,108),(251,'AJ05560263',4,40,109),(252,'AJ05560228',4,40,110),(253,'AJ05560240',4,50,111),(254,'AJ05560264',4,51,112),(255,'AJ05560252',4,40,113),(256,'AJ05559406',4,27,115),(257,'AJ05559394',4,52,116),(258,'AJ05560081',3,40,8),(259,'AJ05560029',3,2,9),(260,'AJ05560017',3,41,10),(261,'AJ05560105',3,29,12),(262,'AJ05560034',3,28,13),(263,'AJ05560052',3,40,15),(264,'AJ05559738',3,30,16),(265,'AJ05560093',3,40,17),(266,'AJ05559883',3,40,18),(267,'AJ05560117',3,40,19),(268,'AJ05560086',3,42,21),(269,'AJ05560098',3,43,22),(270,'AJ05559940',3,40,37),(271,'AJ05559945',3,40,38),(272,'AJ05560022',3,40,40),(273,'AJ05560058',3,40,42),(274,'AJ05559840',3,3,44),(275,'AJ05559871',3,40,45),(276,'AJ05559802',3,40,48),(277,'AJ05559837',3,40,51),(278,'AJ05559780',3,40,54),(279,'AJ05559956',3,19,56),(280,'AJ05559768',3,18,57),(281,'AJ05559605',3,40,60),(282,'AJ05563957',3,40,63),(283,'AJ05559678',3,40,64),(284,'AJ05559817',3,5,66),(285,'AJ05559830',3,5,66),(286,'AJ05559760',3,40,67),(287,'AJ05559758',3,31,68),(288,'AJ05559677',3,23,69),(289,'AJ05559793',3,23,69),(290,'AJ05559756',3,25,70),(291,'AJ05559466',3,40,71),(292,'AJ05559545',3,40,72),(293,'AJ05559534',3,40,72),(294,'AJ05559653',3,40,73),(295,'AJ05559654',3,6,74),(296,'AJ05559600',3,13,75),(297,'AJ05559630',3,13,75),(298,'AJ05559578',3,40,76),(299,'AJ05559567',3,40,77),(300,'AJ05559509',3,21,78),(301,'AJ05559591',3,21,78),(302,'AJ05560069',3,40,79),(303,'AJ05559457',3,8,80),(304,'AJ05559481',3,9,81),(305,'AJ05559523',3,9,81),(306,'AJ05559465',3,10,82),(307,'AJ05559455',3,12,83),(308,'AJ05559522',3,12,83),(309,'AJ05559544',3,11,84),(310,'AJ05559557',3,11,84),(311,'AJ05559657',3,44,118),(312,'AJ05559733',3,40,121),(313,'AJ05559665',3,32,85),(314,'AJ05560010',3,32,85),(315,'AJ05559980',3,36,86),(316,'AJ05559987',3,16,133),(317,'AJ05559976',3,20,87),(318,'AJ05559655',3,20,87),(319,'AJ05559579',3,38,88),(320,'AJ05559510',3,40,89),(321,'AJ05559944',3,33,3),(322,'AJ05559964',3,35,4),(324,'AJ05559501',3,34,5),(325,'AJ05559859',3,34,5),(326,'AJ05559968',3,14,135),(330,'AJ05559690',3,40,7),(333,'AJ05559691',3,40,136),(334,'AJ05559999',3,26,2),(335,'AJ05559746',3,26,2),(337,'AJ05559469',3,15,1),(338,'AJ05559769',3,40,97),(339,'AJ05559782',3,40,97),(340,'AJ05559986',3,46,98),(341,'AJ05559454',3,40,99),(343,'AJ05560251',3,40,104),(344,'AJ05559715',3,40,106),(345,'AJ05560064',3,49,107),(346,'AJ05559805',3,1,108),(347,'AJ05564099',3,40,110),(348,'AJ05560312',3,50,111),(349,'AJ05560288',3,51,112),(350,'AJ05560277',3,51,112),(351,'AJ05560311',3,40,113),(352,'AJ05559513',3,27,115),(353,'AJ05559847',3,52,116),(354,'AJ05560031',2,40,8),(355,'AJ05560004',2,2,9),(356,'AJ05560016',2,41,10),(357,'AJ05559962',2,40,11),(358,'AJ05559963',2,29,12),(359,'AJ05563884',2,28,13),(360,'AJ05560124',2,40,15),(361,'AJ05559488',2,30,16),(362,'AJ05560068',2,40,17),(363,'AJ05559380',2,40,18),(364,'AJ05559607',2,40,19),(365,'AJ05560109',2,42,21),(366,'AJ05560097',2,43,22),(367,'AJ05559939',2,40,32),(368,'AJ05559988',2,40,35),(369,'AJ05559943',2,40,36),(370,'AJ05559838',2,40,37),(371,'AJ05560062',2,40,38),(372,'AJ05560023',2,40,39),(373,'AJ05559396',2,40,40),(374,'AJ05559826',2,40,41),(375,'AJ05559453',2,40,42),(376,'AJ05559951',2,40,43),(377,'AJ05559967',2,3,44),(378,'AJ05560011',2,40,45),(379,'AJ05560044',2,40,46),(380,'AJ05559975',2,40,47),(381,'AJ05559618',2,40,48),(382,'AJ05559803',2,40,49),(383,'AJ05559974',2,40,50),(384,'AJ05559801',2,40,51),(385,'AJ05559966',2,17,53),(387,'AJ05559978',2,40,55),(388,'AJ05559476',2,19,56),(391,'AJ05559568',2,40,60),(392,'AJ05559644',2,40,61),(393,'AJ05560012',2,40,62),(394,'AJ05559728',2,40,63),(395,'AJ05559818',2,40,64),(396,'AJ05559806',2,5,66),(397,'AJ05559772',2,40,67),(398,'AJ05559411',2,31,68),(399,'AJ05559794',2,23,69),(400,'AJ05559807',2,25,70),(401,'AJ05559744',2,40,71),(402,'AJ05560230',2,40,72),(404,'AJ05559592',2,6,74),(405,'AJ05559642',2,13,75),(406,'AJ05559621',2,40,76),(407,'AJ05559535',2,40,77),(408,'AJ05559609',2,21,78),(409,'AJ05560028',2,40,79),(410,'AJ05559451',2,8,80),(411,'AJ05559452',2,9,81),(412,'AJ05559511',2,10,82),(413,'AJ05559546',2,12,83),(414,'AJ05559606',2,11,84),(415,'AJ05559668',2,44,118),(416,'AJ05559392',2,40,121),(417,'AJ05559670',2,40,122),(418,'AJ05559632',2,40,123),(419,'AJ05560024',2,32,85),(420,'AJ05559619',2,36,86),(422,'AJ05559378',2,20,87),(423,'AJ05559814',2,38,88),(424,'AJ05564095',2,40,89),(425,'AJ05559836',2,33,3),(426,'AJ05559979',2,35,4),(428,'AJ05559499',2,34,5),(433,'AJ05559643',2,26,2),(434,'AJ05559698',2,15,1),(435,'AJ05559608',2,40,97),(436,'AJ05560000',2,46,98),(437,'AJ05559992',2,40,99),(438,'AJ05560303',2,40,104),(439,'AJ05559732',2,40,137),(440,'AJ05560123',2,40,138),(441,'AJ05560229',2,40,106),(442,'AJ05559464',2,40,109),(443,'AJ05560249',2,40,110),(444,'AJ05560241',2,50,111),(445,'AJ05560079',2,51,112),(446,'AJ05564109',2,40,113),(447,'AJ05559580',2,27,115),(448,'AJ05559408',2,52,116),(449,'AJ05559384',2,53,117),(450,'9C8E99D857F7',1,40,11),(451,'9C8E99C7E569',1,29,12),(452,'12WZ412701A5',1,40,30),(453,'12WZ4127019W',1,40,31),(454,'MXL14125HR',1,40,32),(455,'12WZ4127019G',1,40,33),(456,'12WZ412701A4',1,40,34),(457,'MXL14125PY',1,40,35),(458,'MXL14125HG',1,40,36),(459,'MXL14125JG',1,40,37),(460,'MXL14125MD',1,40,38),(461,'MXL14125MF',1,40,39),(462,'MXL14125M8',1,40,40),(463,'MXL14125JR',1,40,42),(464,'MXL14125GP',1,3,44),(465,'MXL2051NLG',1,40,45),(466,'MXL2090RJX',1,40,46),(467,'MXL14125H0',1,40,50),(468,'SQ282UC#ABA',1,40,51),(469,'MXL1420BDS',1,40,54),(470,'MXL14125JF',1,40,55),(471,'MXL14125GH',1,19,56),(472,'MXL14125JN',1,18,57),(473,'MXL14125PF',1,40,58),(474,'MXL2051NLK',1,40,59),(475,'MXL2051NL7',1,5,66),(476,'MXL14125LY',1,40,67),(477,'MXL14125PX',1,31,68),(478,'MXL14125MC',1,23,69),(479,'MXL14125HV',1,40,71),(480,'MXL14125LJ',1,40,72),(481,'MXL14125KX',1,40,73),(482,'MXL14125L6',1,6,74),(483,'MXL14125NF',1,13,75),(484,'MXL2090RJY',1,40,76),(485,'MXL14125Q4',1,40,77),(486,'MXL2051NLN',1,21,78),(487,'MXL14125LL',1,40,79),(488,'MXL1420BCY',1,9,81),(489,'MXL14125K5',1,10,82),(490,'MXL2051NLF',1,12,83),(491,'MXL14125PC',1,11,84),(492,'MXL2090RJW',1,36,86),(494,'MXL14125MP',1,20,87),(495,'MXL14125GQ',1,14,135),(497,'MXL1420BD8',1,40,7),(499,'MXL1130Z03',1,40,137),(500,'9C8E99C7E559',1,40,109),(501,'MXL2051NLL',1,27,115);
/*!40000 ALTER TABLE `inventory` ENABLE KEYS */;
UNLOCK TABLES;

--
-- Table structure for table `projects`
--

DROP TABLE IF EXISTS `projects`;
/*!40101 SET @saved_cs_client     = @@character_set_client */;
/*!40101 SET character_set_client = utf8 */;
CREATE TABLE `projects` (
  `id` int(10) unsigned NOT NULL AUTO_INCREMENT,
  `pname` varchar(30) NOT NULL,
  `start_date` date DEFAULT NULL,
  `end_date` date DEFAULT NULL,
  `description` varchar(250) DEFAULT NULL,
  PRIMARY KEY (`id`),
  UNIQUE KEY `pname_UNIQUE` (`pname`)
) ENGINE=InnoDB AUTO_INCREMENT=12 DEFAULT CHARSET=utf8;
/*!40101 SET character_set_client = @saved_cs_client */;

--
-- Dumping data for table `projects`
--

LOCK TABLES `projects` WRITE;
/*!40000 ALTER TABLE `projects` DISABLE KEYS */;
INSERT INTO `projects` VALUES (1,'IHG','2012-10-19',NULL,NULL),(2,'IT sopport',NULL,NULL,NULL),(3,'Chicos',NULL,NULL,NULL),(5,'J & J',NULL,NULL,NULL),(6,'Longhorn',NULL,NULL,NULL),(7,'MetLife / J&J',NULL,NULL,NULL),(8,'NM PSFA',NULL,NULL,NULL),(9,'Other',NULL,NULL,NULL),(10,'RCT Team',NULL,NULL,NULL),(11,'Verizon',NULL,NULL,NULL);
/*!40000 ALTER TABLE `projects` ENABLE KEYS */;
UNLOCK TABLES;
/*!40103 SET TIME_ZONE=@OLD_TIME_ZONE */;

/*!40101 SET SQL_MODE=@OLD_SQL_MODE */;
/*!40014 SET FOREIGN_KEY_CHECKS=@OLD_FOREIGN_KEY_CHECKS */;
/*!40014 SET UNIQUE_CHECKS=@OLD_UNIQUE_CHECKS */;
/*!40101 SET CHARACTER_SET_CLIENT=@OLD_CHARACTER_SET_CLIENT */;
/*!40101 SET CHARACTER_SET_RESULTS=@OLD_CHARACTER_SET_RESULTS */;
/*!40101 SET COLLATION_CONNECTION=@OLD_COLLATION_CONNECTION */;
/*!40111 SET SQL_NOTES=@OLD_SQL_NOTES */;

-- Dump completed on 2015-11-24 13:55:01
